EN zamek NULL D:/Keyo/Studia/semestr_VI/UCiSW2/DigitalAndEmbeddedSystems-master/DigitalAndEmbeddedSystems-master/Lab7/zamek.vhd sub00/vhpl00 1590179617
AR zamek behavioral D:/Keyo/Studia/semestr_VI/UCiSW2/DigitalAndEmbeddedSystems-master/DigitalAndEmbeddedSystems-master/Lab7/zamek.vhd sub00/vhpl01 1590179618
